
[TestPrinter/code_tag_not_duplicated_I_(#983) - 1]
## Input

```
<html>
  <body>
    <table>
      <tbody>
        <tr>
          <td><code>{}</code></td>
        </tr>
      </tbody>
    </table>
  </body>
</html>
```

## Output

```js
import {
  Fragment,
  render as $$render,
  createAstro as $$createAstro,
  createComponent as $$createComponent,
  renderComponent as $$renderComponent,
  renderHead as $$renderHead,
  maybeRenderHead as $$maybeRenderHead,
  unescapeHTML as $$unescapeHTML,
  renderSlot as $$renderSlot,
  mergeSlots as $$mergeSlots,
  addAttribute as $$addAttribute,
  spreadAttributes as $$spreadAttributes,
  defineStyleVars as $$defineStyleVars,
  defineScriptVars as $$defineScriptVars,
  renderTransition as $$renderTransition,
  createTransitionScope as $$createTransitionScope,
  renderScript as $$renderScript,
  createMetadata as $$createMetadata
} from "http://localhost:3000/";

export const $$metadata = $$createMetadata(import.meta.url, { modules: [], hydratedComponents: [], clientOnlyComponents: [], hydrationDirectives: new Set([]), hoisted: [] });

const $$Component = $$createComponent(($$result, $$props, $$slots) => {

return $$render`<html>
  ${$$maybeRenderHead($$result)}<body>
    <table>
      <tbody>
        <tr>
          <td><code>${(void 0)}</code></td>
        </tr>
      </tbody>
    </table>
  </body>
</html>`;
}, undefined, undefined);
export default $$Component;
```
---
