
[TestPrinter/dot_component__-_with_exact_parsing - 1]
## Input

```
/-/-/-/
import * as ns from '../components';
/-/-/-/
<html>
  <head>
    <title>Hello world</title>
  </head>
  <body>
    <ns.Component />
  </body>
</html>
```

## Output

```js
import {
  Fragment,
  render as $$render,
  createAstro as $$createAstro,
  createComponent as $$createComponent,
  renderComponent as $$renderComponent,
  renderHead as $$renderHead,
  maybeRenderHead as $$maybeRenderHead,
  unescapeHTML as $$unescapeHTML,
  renderSlot as $$renderSlot,
  mergeSlots as $$mergeSlots,
  addAttribute as $$addAttribute,
  spreadAttributes as $$spreadAttributes,
  defineStyleVars as $$defineStyleVars,
  defineScriptVars as $$defineScriptVars,
  renderTransition as $$renderTransition,
  createTransitionScope as $$createTransitionScope,
  renderScript as $$renderScript,
  createMetadata as $$createMetadata
} from "http://localhost:3000/";
import * as ns from '../components';

import * as $$module1 from '../components';

export const $$metadata = $$createMetadata(import.meta.url, { modules: [{ module: $$module1, specifier: '../components', assert: {} }], hydratedComponents: [], clientOnlyComponents: [], hydrationDirectives: new Set([]), hoisted: [] });

const $$Component = $$createComponent(($$result, $$props, $$slots) => {

return $$render`<html>
  <head>
    <title>Hello world</title>
  ${$$renderHead($$result)}</head>
  <body>
    ${$$renderComponent($$result,'ns.Component',ns.Component,{})}
  </body>
</html>`;
}, undefined, undefined);
export default $$Component;
```
---
