
[TestPrinter/html5_boilerplate_-_with_exact_parsing - 1]
## Input

```
<!doctype html>

<html lang="en">
<head>
  <meta charset="utf-8">
  <meta name="viewport" content="width=device-width, initial-scale=1">

  <title>A Basic HTML5 Template</title>
  <meta name="description" content="A simple HTML5 Template for new projects.">
  <meta name="author" content="SitePoint">

  <meta property="og:title" content="A Basic HTML5 Template">
  <meta property="og:type" content="website">
  <meta property="og:url" content="https://www.sitepoint.com/a-basic-html5-template/">
  <meta property="og:description" content="A simple HTML5 Template for new projects.">
  <meta property="og:image" content="image.png">

  <link rel="icon" href="/favicon.ico">
  <link rel="icon" href="/favicon.svg" type="image/svg+xml">
  <link rel="apple-touch-icon" href="/apple-touch-icon.png">

  <link rel="stylesheet" href="css/styles.css?v=1.0">

</head>

<body>
  <!-- your content here... -->
  <script is:inline src="js/scripts.js"></script>
  </body>
</html>
```

## Output

```js
import {
  Fragment,
  render as $$render,
  createAstro as $$createAstro,
  createComponent as $$createComponent,
  renderComponent as $$renderComponent,
  renderHead as $$renderHead,
  maybeRenderHead as $$maybeRenderHead,
  unescapeHTML as $$unescapeHTML,
  renderSlot as $$renderSlot,
  mergeSlots as $$mergeSlots,
  addAttribute as $$addAttribute,
  spreadAttributes as $$spreadAttributes,
  defineStyleVars as $$defineStyleVars,
  defineScriptVars as $$defineScriptVars,
  renderTransition as $$renderTransition,
  createTransitionScope as $$createTransitionScope,
  renderScript as $$renderScript,
  createMetadata as $$createMetadata
} from "http://localhost:3000/";

export const $$metadata = $$createMetadata(import.meta.url, { modules: [], hydratedComponents: [], clientOnlyComponents: [], hydrationDirectives: new Set([]), hoisted: [] });

const $$Component = $$createComponent(($$result, $$props, $$slots) => {

return $$render`

<html lang="en">
<head>
  <meta charset="utf-8">
  <meta name="viewport" content="width=device-width, initial-scale=1">

  <title>A Basic HTML5 Template</title>
  <meta name="description" content="A simple HTML5 Template for new projects.">
  <meta name="author" content="SitePoint">

  <meta property="og:title" content="A Basic HTML5 Template">
  <meta property="og:type" content="website">
  <meta property="og:url" content="https://www.sitepoint.com/a-basic-html5-template/">
  <meta property="og:description" content="A simple HTML5 Template for new projects.">
  <meta property="og:image" content="image.png">

  <link rel="icon" href="/favicon.ico">
  <link rel="icon" href="/favicon.svg" type="image/svg+xml">
  <link rel="apple-touch-icon" href="/apple-touch-icon.png">

  <link rel="stylesheet" href="css/styles.css?v=1.0">

${$$renderHead($$result)}</head>

<body>
  <!-- your content here... -->
  <script src="js/scripts.js"></script>
  </body>
</html>`;
}, undefined, undefined);
export default $$Component;
```
---
