
[TestPrinter/table_component_wrapped_in_element_containing_expression_II_(#958) - 1]
## Input

```
/-/-/-/
import Layout from '../layouts/Layout.astro';
const linkURL = '0000';
/-/-/-/

<Layout title="Welcome to Astro.">
    <main>
        <table>
            <tr>
                <th>TH</th>
                <td><a href={linkURL}>{linkURL}</a></td>
            </tr>
        </table>
        <div style="margin-top:1em;">
            test
        </div>
    </main>
</Layout>
```

## Output

```js
import {
  Fragment,
  render as $$render,
  createAstro as $$createAstro,
  createComponent as $$createComponent,
  renderComponent as $$renderComponent,
  renderHead as $$renderHead,
  maybeRenderHead as $$maybeRenderHead,
  unescapeHTML as $$unescapeHTML,
  renderSlot as $$renderSlot,
  mergeSlots as $$mergeSlots,
  addAttribute as $$addAttribute,
  spreadAttributes as $$spreadAttributes,
  defineStyleVars as $$defineStyleVars,
  defineScriptVars as $$defineScriptVars,
  renderTransition as $$renderTransition,
  createTransitionScope as $$createTransitionScope,
  renderScript as $$renderScript,
  createMetadata as $$createMetadata
} from "http://localhost:3000/";
import Layout from '../layouts/Layout.astro';

import * as $$module1 from '../layouts/Layout.astro';

export const $$metadata = $$createMetadata(import.meta.url, { modules: [{ module: $$module1, specifier: '../layouts/Layout.astro', assert: {} }], hydratedComponents: [], clientOnlyComponents: [], hydrationDirectives: new Set([]), hoisted: [] });

const $$Astro = $$createAstro('https://astro.build');
const Astro = $$Astro;
const $$Component = $$createComponent(($$result, $$props, $$slots) => {
const Astro = $$result.createAstro($$Astro, $$props, $$slots);
Astro.self = $$Component;

const linkURL = '0000';

return $$render`${$$renderComponent($$result,'Layout',Layout,{"title":"Welcome to Astro."},{"default": () => $$render`
    ${$$maybeRenderHead($$result)}<main>
        <table>
            <tr>
                <th>TH</th>
                <td><a${$$addAttribute(linkURL, "href")}>${linkURL}</a></td>
            </tr>
        </table>
        <div style="margin-top:1em;">
            test
        </div>
    </main>
`,})}`;
}, undefined, undefined);
export default $$Component;
```
---
