
[TestPrinter/transition:animate_on_Component - 1]
## Input

```
<Component class="bar" transition:animate="morph"></Component>
```

## Output

```js
import {
  Fragment,
  render as $$render,
  createAstro as $$createAstro,
  createComponent as $$createComponent,
  renderComponent as $$renderComponent,
  renderHead as $$renderHead,
  maybeRenderHead as $$maybeRenderHead,
  unescapeHTML as $$unescapeHTML,
  renderSlot as $$renderSlot,
  mergeSlots as $$mergeSlots,
  addAttribute as $$addAttribute,
  spreadAttributes as $$spreadAttributes,
  defineStyleVars as $$defineStyleVars,
  defineScriptVars as $$defineScriptVars,
  renderTransition as $$renderTransition,
  createTransitionScope as $$createTransitionScope,
  renderScript as $$renderScript,
  createMetadata as $$createMetadata
} from "http://localhost:3000/";
import "transitions.css";

export const $$metadata = $$createMetadata("/projects/app/src/pages/page.astro", { modules: [], hydratedComponents: [], clientOnlyComponents: [], hydrationDirectives: new Set([]), hoisted: [] });

const $$Page = $$createComponent(($$result, $$props, $$slots) => {

return $$render`${$$renderComponent($$result,'Component',Component,{"class":"bar","data-astro-transition-scope":($$renderTransition($$result, "wkm5vset", "morph", ""))})}`;
}, '/projects/app/src/pages/page.astro', 'self');
export default $$Page;
```
---
